I'm sorry, but errors were detected in your script. Please correct the
errors listed below, and try again.


File "game/script.rpy", line 11: expected statement.
    orange_cat_1 = "Барсик"
                 ^

Ren'Py Version: Ren'Py 8.3.3.24111502
Thu Dec 12 02:33:22 2024
